/var/slurmd/job5992744/slurm_script: line 10: ./a.out: No such file or directory
