/var/slurmd/job5992743/slurm_script: line 10: ./a.out: No such file or directory
